// Jest Snapshot v1, https://goo.gl/fbAQLP

exports[`config spec should get config proper 1`] = `
Object {
  "integration": "gitlab",
  "lgtm": Object {
    "count": 2,
    "enable": true,
  },
  "notify": Object {
    "enable": true,
    "token": false,
  },
  "repository": Object {
    "token": "gitlab-test-token",
    "url": "http://gitlab.com",
  },
}
`;
